[debug] [2026-05-24T00:07:34.068Z] ----------------------------------------------------------------------
[debug] [2026-05-24T00:07:34.071Z] Command:       /home/hardy/.local/share/mise/installs/node/25.2.1/bin/node /home/hardy/.local/share/mise/installs/node/25.2.1/bin/firebase init
[debug] [2026-05-24T00:07:34.072Z] CLI Version:   15.18.0
[debug] [2026-05-24T00:07:34.072Z] Platform:      linux
[debug] [2026-05-24T00:07:34.072Z] Node Version:  v25.2.1
[debug] [2026-05-24T00:07:34.072Z] Time:          Sat May 23 2026 17:07:34 GMT-0700 (Pacific Daylight Time)
[debug] [2026-05-24T00:07:34.073Z] ----------------------------------------------------------------------
[debug] 
[info] 
     ######## #### ########  ######## ########     ###     ######  ########
     ##        ##  ##     ## ##       ##     ##  ##   ##  ##       ##
     ######    ##  ########  ######   ########  #########  ######  ######
     ##        ##  ##    ##  ##       ##     ## ##     ##       ## ##
     ##       #### ##     ## ######## ########  ##     ##  ######  ########

You're about to initialize a Firebase project in this directory:

  /home/hardy/Documents/bothVersionsOfTheWebsite/Language-Learning-Merged/client

[info] 
=== Project Setup
[info] 
[info] First, let's associate this project directory with a Firebase project.
[info] You can create multiple project aliases by running firebase use --add, 
[info] 
[debug] [2026-05-24T00:08:07.158Z] > command requires scopes: ["email","openid","https://www.googleapis.com/auth/cloudplatformprojects.readonly","https://www.googleapis.com/auth/firebase","https://www.googleapis.com/auth/cloud-platform"]
[debug] [2026-05-24T00:08:07.158Z] > authorizing via signed-in user (devstar1281@gcplab.me)
[debug] [2026-05-24T00:08:07.160Z] Checked if tokens are valid: true, expires at: 1779584668872
[debug] [2026-05-24T00:08:07.160Z] Checked if tokens are valid: true, expires at: 1779584668872
[debug] [2026-05-24T00:08:07.163Z] >>> [apiv2][query] GET https://firebase.googleapis.com/v1beta1/availableProjects pageSize=100
[debug] [2026-05-24T00:08:07.600Z] <<< [apiv2][status] GET https://firebase.googleapis.com/v1beta1/availableProjects 200
[debug] [2026-05-24T00:08:07.600Z] <<< [apiv2][body] GET https://firebase.googleapis.com/v1beta1/availableProjects [omitted]
[debug] [2026-05-24T00:08:09.568Z] Checked if tokens are valid: true, expires at: 1779584668872
[debug] [2026-05-24T00:08:09.569Z] Checked if tokens are valid: true, expires at: 1779584668872
[debug] [2026-05-24T00:08:09.569Z] >>> [apiv2][query] POST https://firebase.googleapis.com/v1beta1/projects/synthesis-hack26svl-128:addFirebase [none]
[debug] [2026-05-24T00:08:09.731Z] <<< [apiv2][status] POST https://firebase.googleapis.com/v1beta1/projects/synthesis-hack26svl-128:addFirebase 403
[debug] [2026-05-24T00:08:09.731Z] <<< [apiv2][body] POST https://firebase.googleapis.com/v1beta1/projects/synthesis-hack26svl-128:addFirebase {"error":{"code":403,"message":"The caller does not have permission","status":"PERMISSION_DENIED"}}
[debug] [2026-05-24T00:08:09.732Z] Request to https://firebase.googleapis.com/v1beta1/projects/synthesis-hack26svl-128:addFirebase had HTTP Error: 403, The caller does not have permission
[debug] [2026-05-24T00:08:09.734Z] FirebaseError: Request to https://firebase.googleapis.com/v1beta1/projects/synthesis-hack26svl-128:addFirebase had HTTP Error: 403, The caller does not have permission
    at responseToError (/home/hardy/.local/share/mise/installs/node/25.2.1/lib/node_modules/firebase-tools/lib/responseToError.js:53:12)
    at RetryOperation._fn (/home/hardy/.local/share/mise/installs/node/25.2.1/lib/node_modules/firebase-tools/lib/apiv2.js:333:77)
    at process.processTicksAndRejections (node:internal/process/task_queues:103:5)
[error] 
[error] Error: Failed to add Firebase to Google Cloud Platform project. See firebase-debug.log for more info.
